input 0 0 rst
input 1 0 clk
input 2 0 __ILA_I_inst
input 3 1 __ILA_I_inst
input 4 2 __ILA_I_inst
input 5 3 __ILA_I_inst
input 6 4 __ILA_I_inst
input 7 5 __ILA_I_inst
input 8 6 __ILA_I_inst
input 9 7 __ILA_I_inst
input 10 0 __STARTED__
input 11 0 __START__
input 12 0 __VLG_I_dummy_read_rf
input 13 1 __VLG_I_dummy_read_rf
init 14 0 m1.ex_wb_rd
init 14 0 m1.m1__DOT__ex_wb_rd
init 14 0 m1__DOT__ex_wb_rd
init 15 1 m1.ex_wb_rd
init 15 1 m1.m1__DOT__ex_wb_rd
init 15 1 m1__DOT__ex_wb_rd
init 16 0 m1.ex_wb_val
init 16 0 m1.m1__DOT__ex_wb_val
init 16 0 m1__DOT__ex_wb_val
init 17 1 m1.ex_wb_val
init 17 1 m1.m1__DOT__ex_wb_val
init 17 1 m1__DOT__ex_wb_val
init 18 2 m1.ex_wb_val
init 18 2 m1.m1__DOT__ex_wb_val
init 18 2 m1__DOT__ex_wb_val
init 19 3 m1.ex_wb_val
init 19 3 m1.m1__DOT__ex_wb_val
init 19 3 m1__DOT__ex_wb_val
init 20 4 m1.ex_wb_val
init 20 4 m1.m1__DOT__ex_wb_val
init 20 4 m1__DOT__ex_wb_val
init 21 5 m1.ex_wb_val
init 21 5 m1.m1__DOT__ex_wb_val
init 21 5 m1__DOT__ex_wb_val
init 22 6 m1.ex_wb_val
init 22 6 m1.m1__DOT__ex_wb_val
init 22 6 m1__DOT__ex_wb_val
init 23 7 m1.ex_wb_val
init 23 7 m1.m1__DOT__ex_wb_val
init 23 7 m1__DOT__ex_wb_val
init 24 0 m1.id_ex_op
init 24 0 m1.m1__DOT__id_ex_op
init 24 0 m1__DOT__id_ex_op
init 25 1 m1.id_ex_op
init 25 1 m1.m1__DOT__id_ex_op
init 25 1 m1__DOT__id_ex_op
init 26 0 m1.id_ex_rd
init 26 0 m1.m1__DOT__id_ex_rd
init 26 0 m1__DOT__id_ex_rd
init 27 1 m1.id_ex_rd
init 27 1 m1.m1__DOT__id_ex_rd
init 27 1 m1__DOT__id_ex_rd
init 28 0 m1.id_ex_rs1_val
init 28 0 m1.m1__DOT__id_ex_rs1_val
init 28 0 m1__DOT__id_ex_rs1_val
init 29 1 m1.id_ex_rs1_val
init 29 1 m1.m1__DOT__id_ex_rs1_val
init 29 1 m1__DOT__id_ex_rs1_val
init 30 2 m1.id_ex_rs1_val
init 30 2 m1.m1__DOT__id_ex_rs1_val
init 30 2 m1__DOT__id_ex_rs1_val
init 31 3 m1.id_ex_rs1_val
init 31 3 m1.m1__DOT__id_ex_rs1_val
init 31 3 m1__DOT__id_ex_rs1_val
init 32 4 m1.id_ex_rs1_val
init 32 4 m1.m1__DOT__id_ex_rs1_val
init 32 4 m1__DOT__id_ex_rs1_val
init 33 5 m1.id_ex_rs1_val
init 33 5 m1.m1__DOT__id_ex_rs1_val
init 33 5 m1__DOT__id_ex_rs1_val
init 34 6 m1.id_ex_rs1_val
init 34 6 m1.m1__DOT__id_ex_rs1_val
init 34 6 m1__DOT__id_ex_rs1_val
init 35 7 m1.id_ex_rs1_val
init 35 7 m1.m1__DOT__id_ex_rs1_val
init 35 7 m1__DOT__id_ex_rs1_val
init 36 0 m1.id_ex_rs2_val
init 36 0 m1.m1__DOT__id_ex_rs2_val
init 36 0 m1__DOT__id_ex_rs2_val
init 37 1 m1.id_ex_rs2_val
init 37 1 m1.m1__DOT__id_ex_rs2_val
init 37 1 m1__DOT__id_ex_rs2_val
init 38 2 m1.id_ex_rs2_val
init 38 2 m1.m1__DOT__id_ex_rs2_val
init 38 2 m1__DOT__id_ex_rs2_val
init 39 3 m1.id_ex_rs2_val
init 39 3 m1.m1__DOT__id_ex_rs2_val
init 39 3 m1__DOT__id_ex_rs2_val
init 40 4 m1.id_ex_rs2_val
init 40 4 m1.m1__DOT__id_ex_rs2_val
init 40 4 m1__DOT__id_ex_rs2_val
init 41 5 m1.id_ex_rs2_val
init 41 5 m1.m1__DOT__id_ex_rs2_val
init 41 5 m1__DOT__id_ex_rs2_val
init 42 6 m1.id_ex_rs2_val
init 42 6 m1.m1__DOT__id_ex_rs2_val
init 42 6 m1__DOT__id_ex_rs2_val
init 43 7 m1.id_ex_rs2_val
init 43 7 m1.m1__DOT__id_ex_rs2_val
init 43 7 m1__DOT__id_ex_rs2_val
init 44 0 m1.m1__DOT__registers_0_
init 44 0 m1.registers[0]
init 44 0 m1__DOT__registers_0_
init 45 1 m1.m1__DOT__registers_0_
init 45 1 m1.registers[0]
init 45 1 m1__DOT__registers_0_
init 46 2 m1.m1__DOT__registers_0_
init 46 2 m1.registers[0]
init 46 2 m1__DOT__registers_0_
init 47 3 m1.m1__DOT__registers_0_
init 47 3 m1.registers[0]
init 47 3 m1__DOT__registers_0_
init 48 4 m1.m1__DOT__registers_0_
init 48 4 m1.registers[0]
init 48 4 m1__DOT__registers_0_
init 49 5 m1.m1__DOT__registers_0_
init 49 5 m1.registers[0]
init 49 5 m1__DOT__registers_0_
init 50 6 m1.m1__DOT__registers_0_
init 50 6 m1.registers[0]
init 50 6 m1__DOT__registers_0_
init 51 7 m1.m1__DOT__registers_0_
init 51 7 m1.registers[0]
init 51 7 m1__DOT__registers_0_
init 52 0 m1.m1__DOT__registers_1_
init 52 0 m1.registers[1]
init 52 0 m1__DOT__registers_1_
init 53 1 m1.m1__DOT__registers_1_
init 53 1 m1.registers[1]
init 53 1 m1__DOT__registers_1_
init 54 2 m1.m1__DOT__registers_1_
init 54 2 m1.registers[1]
init 54 2 m1__DOT__registers_1_
init 55 3 m1.m1__DOT__registers_1_
init 55 3 m1.registers[1]
init 55 3 m1__DOT__registers_1_
init 56 4 m1.m1__DOT__registers_1_
init 56 4 m1.registers[1]
init 56 4 m1__DOT__registers_1_
init 57 5 m1.m1__DOT__registers_1_
init 57 5 m1.registers[1]
init 57 5 m1__DOT__registers_1_
init 58 6 m1.m1__DOT__registers_1_
init 58 6 m1.registers[1]
init 58 6 m1__DOT__registers_1_
init 59 7 m1.m1__DOT__registers_1_
init 59 7 m1.registers[1]
init 59 7 m1__DOT__registers_1_
init 60 0 m1.m1__DOT__registers_2_
init 60 0 m1.registers[2]
init 60 0 m1__DOT__registers_2_
init 61 1 m1.m1__DOT__registers_2_
init 61 1 m1.registers[2]
init 61 1 m1__DOT__registers_2_
init 62 2 m1.m1__DOT__registers_2_
init 62 2 m1.registers[2]
init 62 2 m1__DOT__registers_2_
init 63 3 m1.m1__DOT__registers_2_
init 63 3 m1.registers[2]
init 63 3 m1__DOT__registers_2_
init 64 4 m1.m1__DOT__registers_2_
init 64 4 m1.registers[2]
init 64 4 m1__DOT__registers_2_
init 65 5 m1.m1__DOT__registers_2_
init 65 5 m1.registers[2]
init 65 5 m1__DOT__registers_2_
init 66 6 m1.m1__DOT__registers_2_
init 66 6 m1.registers[2]
init 66 6 m1__DOT__registers_2_
init 67 7 m1.m1__DOT__registers_2_
init 67 7 m1.registers[2]
init 67 7 m1__DOT__registers_2_
init 68 0 m1.m1__DOT__registers_3_
init 68 0 m1.registers[3]
init 68 0 m1__DOT__registers_3_
init 69 1 m1.m1__DOT__registers_3_
init 69 1 m1.registers[3]
init 69 1 m1__DOT__registers_3_
init 70 2 m1.m1__DOT__registers_3_
init 70 2 m1.registers[3]
init 70 2 m1__DOT__registers_3_
init 71 3 m1.m1__DOT__registers_3_
init 71 3 m1.registers[3]
init 71 3 m1__DOT__registers_3_
init 72 4 m1.m1__DOT__registers_3_
init 72 4 m1.registers[3]
init 72 4 m1__DOT__registers_3_
init 73 5 m1.m1__DOT__registers_3_
init 73 5 m1.registers[3]
init 73 5 m1__DOT__registers_3_
init 74 6 m1.m1__DOT__registers_3_
init 74 6 m1.registers[3]
init 74 6 m1__DOT__registers_3_
init 75 7 m1.m1__DOT__registers_3_
init 75 7 m1.registers[3]
init 75 7 m1__DOT__registers_3_
output 0 0 trigger
latch 0 0 m1.ex_wb_rd
latch 0 0 m1.m1__DOT__ex_wb_rd
latch 0 0 m1__DOT__ex_wb_rd
latch 1 1 m1.ex_wb_rd
latch 1 1 m1.m1__DOT__ex_wb_rd
latch 1 1 m1__DOT__ex_wb_rd
latch 2 0 m1.ex_wb_reg_wen
latch 2 0 m1.m1__DOT__ex_wb_reg_wen
latch 2 0 m1__DOT__ex_wb_reg_wen
latch 3 0 m1.ex_wb_val
latch 3 0 m1.m1__DOT__ex_wb_val
latch 3 0 m1__DOT__ex_wb_val
latch 4 1 m1.ex_wb_val
latch 4 1 m1.m1__DOT__ex_wb_val
latch 4 1 m1__DOT__ex_wb_val
latch 5 2 m1.ex_wb_val
latch 5 2 m1.m1__DOT__ex_wb_val
latch 5 2 m1__DOT__ex_wb_val
latch 6 3 m1.ex_wb_val
latch 6 3 m1.m1__DOT__ex_wb_val
latch 6 3 m1__DOT__ex_wb_val
latch 7 4 m1.ex_wb_val
latch 7 4 m1.m1__DOT__ex_wb_val
latch 7 4 m1__DOT__ex_wb_val
latch 8 5 m1.ex_wb_val
latch 8 5 m1.m1__DOT__ex_wb_val
latch 8 5 m1__DOT__ex_wb_val
latch 9 6 m1.ex_wb_val
latch 9 6 m1.m1__DOT__ex_wb_val
latch 9 6 m1__DOT__ex_wb_val
latch 10 7 m1.ex_wb_val
latch 10 7 m1.m1__DOT__ex_wb_val
latch 10 7 m1__DOT__ex_wb_val
latch 11 0 m1.id_ex_op
latch 11 0 m1.m1__DOT__id_ex_op
latch 11 0 m1__DOT__id_ex_op
latch 12 1 m1.id_ex_op
latch 12 1 m1.m1__DOT__id_ex_op
latch 12 1 m1__DOT__id_ex_op
latch 13 0 m1.id_ex_rd
latch 13 0 m1.m1__DOT__id_ex_rd
latch 13 0 m1__DOT__id_ex_rd
latch 14 1 m1.id_ex_rd
latch 14 1 m1.m1__DOT__id_ex_rd
latch 14 1 m1__DOT__id_ex_rd
latch 15 0 m1.id_ex_reg_wen
latch 15 0 m1.m1__DOT__id_ex_reg_wen
latch 15 0 m1__DOT__id_ex_reg_wen
latch 16 0 m1.id_ex_rs1_val
latch 16 0 m1.m1__DOT__id_ex_rs1_val
latch 16 0 m1__DOT__id_ex_rs1_val
latch 17 1 m1.id_ex_rs1_val
latch 17 1 m1.m1__DOT__id_ex_rs1_val
latch 17 1 m1__DOT__id_ex_rs1_val
latch 18 2 m1.id_ex_rs1_val
latch 18 2 m1.m1__DOT__id_ex_rs1_val
latch 18 2 m1__DOT__id_ex_rs1_val
latch 19 3 m1.id_ex_rs1_val
latch 19 3 m1.m1__DOT__id_ex_rs1_val
latch 19 3 m1__DOT__id_ex_rs1_val
latch 20 4 m1.id_ex_rs1_val
latch 20 4 m1.m1__DOT__id_ex_rs1_val
latch 20 4 m1__DOT__id_ex_rs1_val
latch 21 5 m1.id_ex_rs1_val
latch 21 5 m1.m1__DOT__id_ex_rs1_val
latch 21 5 m1__DOT__id_ex_rs1_val
latch 22 6 m1.id_ex_rs1_val
latch 22 6 m1.m1__DOT__id_ex_rs1_val
latch 22 6 m1__DOT__id_ex_rs1_val
latch 23 7 m1.id_ex_rs1_val
latch 23 7 m1.m1__DOT__id_ex_rs1_val
latch 23 7 m1__DOT__id_ex_rs1_val
latch 24 0 m1.id_ex_rs2_val
latch 24 0 m1.m1__DOT__id_ex_rs2_val
latch 24 0 m1__DOT__id_ex_rs2_val
latch 25 1 m1.id_ex_rs2_val
latch 25 1 m1.m1__DOT__id_ex_rs2_val
latch 25 1 m1__DOT__id_ex_rs2_val
latch 26 2 m1.id_ex_rs2_val
latch 26 2 m1.m1__DOT__id_ex_rs2_val
latch 26 2 m1__DOT__id_ex_rs2_val
latch 27 3 m1.id_ex_rs2_val
latch 27 3 m1.m1__DOT__id_ex_rs2_val
latch 27 3 m1__DOT__id_ex_rs2_val
latch 28 4 m1.id_ex_rs2_val
latch 28 4 m1.m1__DOT__id_ex_rs2_val
latch 28 4 m1__DOT__id_ex_rs2_val
latch 29 5 m1.id_ex_rs2_val
latch 29 5 m1.m1__DOT__id_ex_rs2_val
latch 29 5 m1__DOT__id_ex_rs2_val
latch 30 6 m1.id_ex_rs2_val
latch 30 6 m1.m1__DOT__id_ex_rs2_val
latch 30 6 m1__DOT__id_ex_rs2_val
latch 31 7 m1.id_ex_rs2_val
latch 31 7 m1.m1__DOT__id_ex_rs2_val
latch 31 7 m1__DOT__id_ex_rs2_val
latch 32 0 m1.m1__DOT__reg_0_w_stage
latch 32 0 m1.reg_0_w_stage
latch 32 0 m1__DOT__reg_0_w_stage
latch 33 1 m1.m1__DOT__reg_0_w_stage
latch 33 1 m1.reg_0_w_stage
latch 33 0 m1.reg_0_w_stage_nxt
latch 33 1 m1__DOT__reg_0_w_stage
latch 34 0 m1.m1__DOT__reg_1_w_stage
latch 34 0 m1.reg_1_w_stage
latch 34 0 m1__DOT__reg_1_w_stage
latch 35 1 m1.m1__DOT__reg_1_w_stage
latch 35 1 m1.reg_1_w_stage
latch 35 0 m1.reg_1_w_stage_nxt
latch 35 1 m1__DOT__reg_1_w_stage
latch 36 0 m1.m1__DOT__reg_2_w_stage
latch 36 0 m1.reg_2_w_stage
latch 36 0 m1__DOT__reg_2_w_stage
latch 37 1 m1.m1__DOT__reg_2_w_stage
latch 37 1 m1.reg_2_w_stage
latch 37 0 m1.reg_2_w_stage_nxt
latch 37 1 m1__DOT__reg_2_w_stage
latch 38 0 m1.m1__DOT__reg_3_w_stage
latch 38 0 m1.reg_3_w_stage
latch 38 0 m1__DOT__reg_3_w_stage
latch 39 1 m1.m1__DOT__reg_3_w_stage
latch 39 1 m1.reg_3_w_stage
latch 39 0 m1.reg_3_w_stage_nxt
latch 39 1 m1__DOT__reg_3_w_stage
latch 40 0 m1.m1__DOT__registers_0_
latch 40 0 m1.registers[0]
latch 40 0 m1__DOT__registers_0_
latch 41 1 m1.m1__DOT__registers_0_
latch 41 1 m1.registers[0]
latch 41 1 m1__DOT__registers_0_
latch 42 2 m1.m1__DOT__registers_0_
latch 42 2 m1.registers[0]
latch 42 2 m1__DOT__registers_0_
latch 43 3 m1.m1__DOT__registers_0_
latch 43 3 m1.registers[0]
latch 43 3 m1__DOT__registers_0_
latch 44 4 m1.m1__DOT__registers_0_
latch 44 4 m1.registers[0]
latch 44 4 m1__DOT__registers_0_
latch 45 5 m1.m1__DOT__registers_0_
latch 45 5 m1.registers[0]
latch 45 5 m1__DOT__registers_0_
latch 46 6 m1.m1__DOT__registers_0_
latch 46 6 m1.registers[0]
latch 46 6 m1__DOT__registers_0_
latch 47 7 m1.m1__DOT__registers_0_
latch 47 7 m1.registers[0]
latch 47 7 m1__DOT__registers_0_
latch 48 0 m1.m1__DOT__registers_1_
latch 48 0 m1.registers[1]
latch 48 0 m1__DOT__registers_1_
latch 49 1 m1.m1__DOT__registers_1_
latch 49 1 m1.registers[1]
latch 49 1 m1__DOT__registers_1_
latch 50 2 m1.m1__DOT__registers_1_
latch 50 2 m1.registers[1]
latch 50 2 m1__DOT__registers_1_
latch 51 3 m1.m1__DOT__registers_1_
latch 51 3 m1.registers[1]
latch 51 3 m1__DOT__registers_1_
latch 52 4 m1.m1__DOT__registers_1_
latch 52 4 m1.registers[1]
latch 52 4 m1__DOT__registers_1_
latch 53 5 m1.m1__DOT__registers_1_
latch 53 5 m1.registers[1]
latch 53 5 m1__DOT__registers_1_
latch 54 6 m1.m1__DOT__registers_1_
latch 54 6 m1.registers[1]
latch 54 6 m1__DOT__registers_1_
latch 55 7 m1.m1__DOT__registers_1_
latch 55 7 m1.registers[1]
latch 55 7 m1__DOT__registers_1_
latch 56 0 m1.m1__DOT__registers_2_
latch 56 0 m1.registers[2]
latch 56 0 m1__DOT__registers_2_
latch 57 1 m1.m1__DOT__registers_2_
latch 57 1 m1.registers[2]
latch 57 1 m1__DOT__registers_2_
latch 58 2 m1.m1__DOT__registers_2_
latch 58 2 m1.registers[2]
latch 58 2 m1__DOT__registers_2_
latch 59 3 m1.m1__DOT__registers_2_
latch 59 3 m1.registers[2]
latch 59 3 m1__DOT__registers_2_
latch 60 4 m1.m1__DOT__registers_2_
latch 60 4 m1.registers[2]
latch 60 4 m1__DOT__registers_2_
latch 61 5 m1.m1__DOT__registers_2_
latch 61 5 m1.registers[2]
latch 61 5 m1__DOT__registers_2_
latch 62 6 m1.m1__DOT__registers_2_
latch 62 6 m1.registers[2]
latch 62 6 m1__DOT__registers_2_
latch 63 7 m1.m1__DOT__registers_2_
latch 63 7 m1.registers[2]
latch 63 7 m1__DOT__registers_2_
latch 64 0 m1.m1__DOT__registers_3_
latch 64 0 m1.registers[3]
latch 64 0 m1__DOT__registers_3_
latch 65 1 m1.m1__DOT__registers_3_
latch 65 1 m1.registers[3]
latch 65 1 m1__DOT__registers_3_
latch 66 2 m1.m1__DOT__registers_3_
latch 66 2 m1.registers[3]
latch 66 2 m1__DOT__registers_3_
latch 67 3 m1.m1__DOT__registers_3_
latch 67 3 m1.registers[3]
latch 67 3 m1__DOT__registers_3_
latch 68 4 m1.m1__DOT__registers_3_
latch 68 4 m1.registers[3]
latch 68 4 m1__DOT__registers_3_
latch 69 5 m1.m1__DOT__registers_3_
latch 69 5 m1.registers[3]
latch 69 5 m1__DOT__registers_3_
latch 70 6 m1.m1__DOT__registers_3_
latch 70 6 m1.registers[3]
latch 70 6 m1__DOT__registers_3_
latch 71 7 m1.m1__DOT__registers_3_
latch 71 7 m1.registers[3]
latch 71 7 m1__DOT__registers_3_
